// Jest Snapshot v1, https://goo.gl/fbAQLP

exports[`<SectionContainer /> Should render with default values 1`] = `
.c0 {
  max-width: 120rem !important;
  margin: 0 auto;
  padding: 3.2rem;
  width: 100%;
}

<div>
  <div
    class="c0"
  >
    Children
  </div>
</div>
`;
