// Jest Snapshot v1, https://goo.gl/fbAQLP

exports[`<GridContent /> Should render Grid Content 1`] = `
.c0 {
  color: #0A1128;
  font-size: 6.4rem;
  text-transform: uppercase;
}

@media (max-width:768px) {
  .c0 {
    font-size: 4.0rem;
  }
}

<h2
  class="c0"
>
  Hello GridContent
</h2>
`;
